<html>
<body>
<pre>
<h1>µVision Build Log</h1>
<h2>Tool Versions:</h2>
IDE-Version: ¦ÌVision V5.20.0.0
Copyright (C) 2016 ARM Ltd and ARM Germany GmbH. All rights reserved.
License Information: LuciFon LuciFon, LuciFon, LIC=FYKQD-81UNA-QCRJ5-GC1YW-50IQ8-FHNFK
 
Tool Versions:
Toolchain:       MDK-ARM Plus  Version: 5.20
Toolchain Path:  C:\Keil_v5\ARM\ARMCC\Bin
C Compiler:      Armcc.exe V5.06 update 2 (build 183)
Assembler:       Armasm.exe V5.06 update 2 (build 183)
Linker/Locator:  ArmLink.exe V5.06 update 2 (build 183)
Library Manager: ArmAr.exe V5.06 update 2 (build 183)
Hex Converter:   FromElf.exe V5.06 update 2 (build 183)
CPU DLL:         SARMCM3.DLL V5.20
Dialog DLL:      DARMCM1.DLL V1.14.0.0
Target DLL:      Segger\JL2CM3.dll V2.99.20.0
Dialog DLL:      TARMCM1.DLL V1.10.0.0
 
<h2>Project:</h2>
D:\my work\°àÅÆÄ£¿é\project 180801_v2 - 2\project\stm32f030.uvprojx
Project File Date:  08/01/2018

<h2>Output:</h2>
*** Using Compiler 'V5.06 update 2 (build 183)', folder: 'C:\Keil_v5\ARM\ARMCC\Bin'
Rebuild target 'Target 1'
compiling main.c...
compiling stm32f0xx_exti.c...
compiling stm32f0xx_dma.c...
compiling stm32f0xx_misc.c...
compiling stm32f0xx_gpio.c...
compiling stm32f0xx_flash.c...
compiling stm32f0xx_spi.c...
compiling stm32f0xx_syscfg.c...
compiling stm32f0xx_rcc.c...
compiling stm32f0xx_usart.c...
compiling devcfg.c...
compiling stm32f0xx_tim.c...
compiling flash.c...
compiling io.c...
compiling nrf24l01.c...
compiling rf125k.c...
compiling rc522.c...
compiling uart.c...
compiling tool.c...
assembling startup_stm32f030xc.s...
compiling timer.c...
compiling system_stm32f0xx.c...
linking...
Program Size: Code=12232 RO-data=728 RW-data=112 ZI-data=1336  
FromELF: creating hex file...
".\Objects\stm32f030.axf" - 0 Error(s), 0 Warning(s).

<h2>Collection of Component include folders:</h2>
  D:\my work\°àÅÆÄ£¿é\project 180801_v2 - 2\project\RTE
  C:\Keil_v5\ARM\PACK\Keil\STM32F0xx_DFP\1.4.0\Device\Include

<h2>Collection of Component Files used:</h2>
Build Time Elapsed:  00:00:05
</pre>
</body>
</html>
